---
source: crates/proj/src/functions/iso19111/operation_factory_context.rs
expression: "ops.get(0)?.as_wkt(WktType::Wkt2_2019, None, None, None, None, None, None)?"
---
COORDINATEOPERATION["Ballpark geographic offset from NAD27 to NAD83",
    SOURCECRS[
        GEOGCRS["NAD27",
            DATUM["North American Datum 1927",
                ELLIPSOID["Clarke 1866",6378206.4,294.978698213898,
                    LENGTHUNIT["metre",1]]],
            PRIMEM["Greenwich",0,
                ANGLEUNIT["degree",0.0174532925199433]],
            CS[ellipsoidal,2],
                AXIS["geodetic latitude (Lat)",north,
                    ORDER[1],
                    ANGLEUNIT["degree",0.0174532925199433]],
                AXIS["geodetic longitude (Lon)",east,
                    ORDER[2],
                    ANGLEUNIT["degree",0.0174532925199433]],
            ID["EPSG",4267]]],
    TARGETCRS[
        GEOGCRS["NAD83",
            DATUM["North American Datum 1983",
                ELLIPSOID["GRS 1980",6378137,298.257222101,
                    LENGTHUNIT["metre",1]]],
            PRIMEM["Greenwich",0,
                ANGLEUNIT["degree",0.0174532925199433]],
            CS[ellipsoidal,2],
                AXIS["geodetic latitude (Lat)",north,
                    ORDER[1],
                    ANGLEUNIT["degree",0.0174532925199433]],
                AXIS["geodetic longitude (Lon)",east,
                    ORDER[2],
                    ANGLEUNIT["degree",0.0174532925199433]],
            ID["EPSG",4269]]],
    METHOD["Geographic2D offsets",
        ID["EPSG",9619]],
    PARAMETER["Latitude offset",0,
        ANGLEUNIT["degree",0.0174532925199433],
        ID["EPSG",8601]],
    PARAMETER["Longitude offset",0,
        ANGLEUNIT["degree",0.0174532925199433],
        ID["EPSG",8602]],
    USAGE[
        SCOPE["unknown"],
        AREA["World"],
        BBOX[-90,-180,90,180]]]
