---
source: crates/proj/src/functions/iso19111/context_advanced.rs
expression: wkt
---
ENGCRS["engineering crs",
    EDATUM["Unknown engineering datum"],
    CS[Cartesian,2],
        AXIS["(E)",east,
            ORDER[1],
            LENGTHUNIT["metre",1,
                ID["EPSG",9001]]],
        AXIS["(N)",north,
            ORDER[2],
            LENGTHUNIT["metre",1,
                ID["EPSG",9001]]]]
