---
source: crates/proj/src/functions/iso19111/context_advanced.rs
expression: wkt
---
GEOGCRS["my rotated CRS",
    BASEGEOGCRS["WGS 84",
        ENSEMBLE["World Geodetic System 1984 ensemble",
            MEMBER["World Geodetic System 1984 (Transit)"],
            MEMBER["World Geodetic System 1984 (G730)"],
            MEMBER["World Geodetic System 1984 (G873)"],
            MEMBER["World Geodetic System 1984 (G1150)"],
            MEMBER["World Geodetic System 1984 (G1674)"],
            MEMBER["World Geodetic System 1984 (G1762)"],
            MEMBER["World Geodetic System 1984 (G2139)"],
            MEMBER["World Geodetic System 1984 (G2296)"],
            ELLIPSOID["WGS 84",6378137,298.257223563,
                LENGTHUNIT["metre",1]],
            ENSEMBLEACCURACY[2.0]],
        PRIMEM["Greenwich",0,
            ANGLEUNIT["degree",0.0174532925199433]],
        ID["EPSG",4326]],
    DERIVINGCONVERSION["Pole rotation (GRIB convention)",
        METHOD["Pole rotation (GRIB convention)"],
        PARAMETER["Latitude of the southern pole (GRIB convention)",2,
            ANGLEUNIT["degree",0.0174532925199433,
                ID["EPSG",9122]]],
        PARAMETER["Longitude of the southern pole (GRIB convention)",3,
            ANGLEUNIT["degree",0.0174532925199433,
                ID["EPSG",9122]]],
        PARAMETER["Axis rotation (GRIB convention)",4,
            ANGLEUNIT["degree",0.0174532925199433,
                ID["EPSG",9122]]]],
    CS[ellipsoidal,2],
        AXIS["geodetic latitude (Lat)",north,
            ORDER[1],
            ANGLEUNIT["degree",0.0174532925199433,
                ID["EPSG",9122]]],
        AXIS["geodetic longitude (Lon)",east,
            ORDER[2],
            ANGLEUNIT["degree",0.0174532925199433,
                ID["EPSG",9122]]]]
