---
source: crates/proj/src/functions/iso19111/context_advanced.rs
expression: wkt
---
CS[ellipsoidal,3],
    AXIS["latitude",north,
        ORDER[1],
        ANGLEUNIT["",0.5]],
    AXIS["longitude",east,
        ORDER[2],
        ANGLEUNIT["",0.5]],
    AXIS["ellipsoidal height",up,
        ORDER[3],
        LENGTHUNIT["",0.6]]
