---
source: crates/proj/src/functions/iso19111/proj_basic.rs
expression: "format!(\"{grid:?}\")"
---
CoordOperationGridUsed { short_name: "ca_nrc_ntv1_can.tif", full_name: "", package_name: "", url: "https://cdn.proj.org/ca_nrc_ntv1_can.tif", direct_download: true, open_license: true, available: true }
