---
source: crates/proj/src/functions/iso19111/proj_basic.rs
expression: wkt
---
CONCATENATEDOPERATION["Inverse of Map Grid of Australia zone 56 + GDA94 to GDA2020 (1) + Map Grid of Australia zone 56",
    SOURCECRS[
        PROJCRS["GDA94 / MGA zone 56",
            BASEGEOGCRS["GDA94",
                DATUM["Geocentric Datum of Australia 1994",
                    ELLIPSOID["GRS 1980",6378137,298.257222101,
                        LENGTHUNIT["metre",1]]],
                PRIMEM["Greenwich",0,
                    ANGLEUNIT["degree",0.0174532925199433]],
                ID["EPSG",4283]],
            CONVERSION["Map Grid of Australia zone 56",
                METHOD["Transverse Mercator",
                    ID["EPSG",9807]],
                PARAMETER["Latitude of natural origin",0,
                    ANGLEUNIT["degree",0.0174532925199433],
                    ID["EPSG",8801]],
                PARAMETER["Longitude of natural origin",153,
                    ANGLEUNIT["degree",0.0174532925199433],
                    ID["EPSG",8802]],
                PARAMETER["Scale factor at natural origin",0.9996,
                    SCALEUNIT["unity",1],
                    ID["EPSG",8805]],
                PARAMETER["False easting",500000,
                    LENGTHUNIT["metre",1],
                    ID["EPSG",8806]],
                PARAMETER["False northing",10000000,
                    LENGTHUNIT["metre",1],
                    ID["EPSG",8807]]],
            CS[Cartesian,2],
                AXIS["(E)",east,
                    ORDER[1],
                    LENGTHUNIT["metre",1]],
                AXIS["(N)",north,
                    ORDER[2],
                    LENGTHUNIT["metre",1]],
            ID["EPSG",28356]]],
    TARGETCRS[
        PROJCRS["GDA2020 / MGA zone 56",
            BASEGEOGCRS["GDA2020",
                DATUM["Geocentric Datum of Australia 2020",
                    ELLIPSOID["GRS 1980",6378137,298.257222101,
                        LENGTHUNIT["metre",1]]],
                PRIMEM["Greenwich",0,
                    ANGLEUNIT["degree",0.0174532925199433]],
                ID["EPSG",7844]],
            CONVERSION["Map Grid of Australia zone 56",
                METHOD["Transverse Mercator",
                    ID["EPSG",9807]],
                PARAMETER["Latitude of natural origin",0,
                    ANGLEUNIT["degree",0.0174532925199433],
                    ID["EPSG",8801]],
                PARAMETER["Longitude of natural origin",153,
                    ANGLEUNIT["degree",0.0174532925199433],
                    ID["EPSG",8802]],
                PARAMETER["Scale factor at natural origin",0.9996,
                    SCALEUNIT["unity",1],
                    ID["EPSG",8805]],
                PARAMETER["False easting",500000,
                    LENGTHUNIT["metre",1],
                    ID["EPSG",8806]],
                PARAMETER["False northing",10000000,
                    LENGTHUNIT["metre",1],
                    ID["EPSG",8807]]],
            CS[Cartesian,2],
                AXIS["(E)",east,
                    ORDER[1],
                    LENGTHUNIT["metre",1]],
                AXIS["(N)",north,
                    ORDER[2],
                    LENGTHUNIT["metre",1]],
            ID["EPSG",7856]]],
    STEP[
        CONVERSION["Inverse of Map Grid of Australia zone 56",
            METHOD["Inverse of Transverse Mercator",
                ID["INVERSE(EPSG)",9807]],
            PARAMETER["Latitude of natural origin",0,
                ANGLEUNIT["degree",0.0174532925199433],
                ID["EPSG",8801]],
            PARAMETER["Longitude of natural origin",153,
                ANGLEUNIT["degree",0.0174532925199433],
                ID["EPSG",8802]],
            PARAMETER["Scale factor at natural origin",0.9996,
                SCALEUNIT["unity",1],
                ID["EPSG",8805]],
            PARAMETER["False easting",500000,
                LENGTHUNIT["metre",1],
                ID["EPSG",8806]],
            PARAMETER["False northing",10000000,
                LENGTHUNIT["metre",1],
                ID["EPSG",8807]],
            ID["INVERSE(EPSG)",17356]]],
    STEP[
        COORDINATEOPERATION["GDA94 to GDA2020 (1)",
            VERSION["ICSM-Aus"],
            SOURCECRS[
                GEOGCRS["GDA94",
                    DATUM["Geocentric Datum of Australia 1994",
                        ELLIPSOID["GRS 1980",6378137,298.257222101,
                            LENGTHUNIT["metre",1]]],
                    PRIMEM["Greenwich",0,
                        ANGLEUNIT["degree",0.0174532925199433]],
                    CS[ellipsoidal,2],
                        AXIS["geodetic latitude (Lat)",north,
                            ORDER[1],
                            ANGLEUNIT["degree",0.0174532925199433]],
                        AXIS["geodetic longitude (Lon)",east,
                            ORDER[2],
                            ANGLEUNIT["degree",0.0174532925199433]],
                    ID["EPSG",4283]]],
            TARGETCRS[
                GEOGCRS["GDA2020",
                    DATUM["Geocentric Datum of Australia 2020",
                        ELLIPSOID["GRS 1980",6378137,298.257222101,
                            LENGTHUNIT["metre",1]]],
                    PRIMEM["Greenwich",0,
                        ANGLEUNIT["degree",0.0174532925199433]],
                    CS[ellipsoidal,2],
                        AXIS["geodetic latitude (Lat)",north,
                            ORDER[1],
                            ANGLEUNIT["degree",0.0174532925199433]],
                        AXIS["geodetic longitude (Lon)",east,
                            ORDER[2],
                            ANGLEUNIT["degree",0.0174532925199433]],
                    ID["EPSG",7844]]],
            METHOD["Coordinate Frame rotation (geog2D domain)",
                ID["EPSG",9607]],
            PARAMETER["X-axis translation",61.55,
                LENGTHUNIT["millimetre",0.001],
                ID["EPSG",8605]],
            PARAMETER["Y-axis translation",-10.87,
                LENGTHUNIT["millimetre",0.001],
                ID["EPSG",8606]],
            PARAMETER["Z-axis translation",-40.19,
                LENGTHUNIT["millimetre",0.001],
                ID["EPSG",8607]],
            PARAMETER["X-axis rotation",-39.4924,
                ANGLEUNIT["milliarc-second",4.84813681109536E-09],
                ID["EPSG",8608]],
            PARAMETER["Y-axis rotation",-32.7221,
                ANGLEUNIT["milliarc-second",4.84813681109536E-09],
                ID["EPSG",8609]],
            PARAMETER["Z-axis rotation",-32.8979,
                ANGLEUNIT["milliarc-second",4.84813681109536E-09],
                ID["EPSG",8610]],
            PARAMETER["Scale difference",-9.994,
                SCALEUNIT["parts per billion",1E-09],
                ID["EPSG",8611]],
            OPERATIONACCURACY[0.01],
            ID["EPSG",8048]]],
    STEP[
        CONVERSION["Map Grid of Australia zone 56",
            METHOD["Transverse Mercator",
                ID["EPSG",9807]],
            PARAMETER["Latitude of natural origin",0,
                ANGLEUNIT["degree",0.0174532925199433],
                ID["EPSG",8801]],
            PARAMETER["Longitude of natural origin",153,
                ANGLEUNIT["degree",0.0174532925199433],
                ID["EPSG",8802]],
            PARAMETER["Scale factor at natural origin",0.9996,
                SCALEUNIT["unity",1],
                ID["EPSG",8805]],
            PARAMETER["False easting",500000,
                LENGTHUNIT["metre",1],
                ID["EPSG",8806]],
            PARAMETER["False northing",10000000,
                LENGTHUNIT["metre",1],
                ID["EPSG",8807]],
            ID["EPSG",17356]]],
    OPERATIONACCURACY[0.01],
    USAGE[
        SCOPE["unknown"],
        AREA["Australia including Lord Howe Island, Macquarie Island, Ashmore and Cartier Islands, Christmas Island, Cocos (Keeling) Islands, Norfolk Island. All onshore and offshore."],
        BBOX[-60.55,93.41,-8.47,173.34]]]
