---
source: crates/proj/src/functions/iso19111/context_basic.rs
expression: units
---
[
    UnitInfo {
        auth_name: "EPSG",
        code: "1025",
        name: "millimetre",
        category: Linear,
        conv_factor: 0.001,
        proj_short_name: "1025",
        deprecated: false,
    },
    UnitInfo {
        auth_name: "EPSG",
        code: "1033",
        name: "centimetre",
        category: Linear,
        conv_factor: 0.01,
        proj_short_name: "1033",
        deprecated: false,
    },
    UnitInfo {
        auth_name: "EPSG",
        code: "9001",
        name: "metre",
        category: Linear,
        conv_factor: 1.0,
        proj_short_name: "9001",
        deprecated: false,
    },
    UnitInfo {
        auth_name: "EPSG",
        code: "9002",
        name: "foot",
        category: Linear,
        conv_factor: 0.3048,
        proj_short_name: "9002",
        deprecated: false,
    },
    UnitInfo {
        auth_name: "EPSG",
        code: "9003",
        name: "US survey foot",
        category: Linear,
        conv_factor: 0.30480060960121924,
        proj_short_name: "9003",
        deprecated: false,
    },
    UnitInfo {
        auth_name: "EPSG",
        code: "9005",
        name: "Clarke's foot",
        category: Linear,
        conv_factor: 0.3047972654,
        proj_short_name: "9005",
        deprecated: false,
    },
    UnitInfo {
        auth_name: "EPSG",
        code: "9014",
        name: "fathom",
        category: Linear,
        conv_factor: 1.8288,
        proj_short_name: "9014",
        deprecated: false,
    },
    UnitInfo {
        auth_name: "EPSG",
        code: "9030",
        name: "nautical mile",
        category: Linear,
        conv_factor: 1852.0,
        proj_short_name: "9030",
        deprecated: false,
    },
    UnitInfo {
        auth_name: "EPSG",
        code: "9031",
        name: "German legal metre",
        category: Linear,
        conv_factor: 1.0000135965,
        proj_short_name: "9031",
        deprecated: false,
    },
    UnitInfo {
        auth_name: "EPSG",
        code: "9033",
        name: "US survey chain",
        category: Linear,
        conv_factor: 20.11684023368047,
        proj_short_name: "9033",
        deprecated: false,
    },
    UnitInfo {
        auth_name: "EPSG",
        code: "9034",
        name: "US survey link",
        category: Linear,
        conv_factor: 0.2011684023368047,
        proj_short_name: "9034",
        deprecated: false,
    },
    UnitInfo {
        auth_name: "EPSG",
        code: "9035",
        name: "US survey mile",
        category: Linear,
        conv_factor: 1609.3472186944375,
        proj_short_name: "9035",
        deprecated: false,
    },
    UnitInfo {
        auth_name: "EPSG",
        code: "9036",
        name: "kilometre",
        category: Linear,
        conv_factor: 1000.0,
        proj_short_name: "9036",
        deprecated: false,
    },
    UnitInfo {
        auth_name: "EPSG",
        code: "9037",
        name: "Clarke's yard",
        category: Linear,
        conv_factor: 0.9143917962,
        proj_short_name: "9037",
        deprecated: false,
    },
    UnitInfo {
        auth_name: "EPSG",
        code: "9038",
        name: "Clarke's chain",
        category: Linear,
        conv_factor: 20.1166195164,
        proj_short_name: "9038",
        deprecated: false,
    },
    UnitInfo {
        auth_name: "EPSG",
        code: "9039",
        name: "Clarke's link",
        category: Linear,
        conv_factor: 0.201166195164,
        proj_short_name: "9039",
        deprecated: false,
    },
    UnitInfo {
        auth_name: "EPSG",
        code: "9040",
        name: "British yard (Sears 1922)",
        category: Linear,
        conv_factor: 0.9143984146160287,
        proj_short_name: "9040",
        deprecated: false,
    },
    UnitInfo {
        auth_name: "EPSG",
        code: "9041",
        name: "British foot (Sears 1922)",
        category: Linear,
        conv_factor: 0.3047994715386762,
        proj_short_name: "9041",
        deprecated: false,
    },
    UnitInfo {
        auth_name: "EPSG",
        code: "9042",
        name: "British chain (Sears 1922)",
        category: Linear,
        conv_factor: 20.116765121552632,
        proj_short_name: "9042",
        deprecated: false,
    },
    UnitInfo {
        auth_name: "EPSG",
        code: "9043",
        name: "British link (Sears 1922)",
        category: Linear,
        conv_factor: 0.2011676512155263,
        proj_short_name: "9043",
        deprecated: false,
    },
    UnitInfo {
        auth_name: "EPSG",
        code: "9050",
        name: "British yard (Benoit 1895 A)",
        category: Linear,
        conv_factor: 0.9143992,
        proj_short_name: "9050",
        deprecated: false,
    },
    UnitInfo {
        auth_name: "EPSG",
        code: "9051",
        name: "British foot (Benoit 1895 A)",
        category: Linear,
        conv_factor: 0.3047997333333333,
        proj_short_name: "9051",
        deprecated: false,
    },
    UnitInfo {
        auth_name: "EPSG",
        code: "9052",
        name: "British chain (Benoit 1895 A)",
        category: Linear,
        conv_factor: 20.1167824,
        proj_short_name: "9052",
        deprecated: false,
    },
    UnitInfo {
        auth_name: "EPSG",
        code: "9053",
        name: "British link (Benoit 1895 A)",
        category: Linear,
        conv_factor: 0.201167824,
        proj_short_name: "9053",
        deprecated: false,
    },
    UnitInfo {
        auth_name: "EPSG",
        code: "9060",
        name: "British yard (Benoit 1895 B)",
        category: Linear,
        conv_factor: 0.9143992042898124,
        proj_short_name: "9060",
        deprecated: false,
    },
    UnitInfo {
        auth_name: "EPSG",
        code: "9061",
        name: "British foot (Benoit 1895 B)",
        category: Linear,
        conv_factor: 0.30479973476327077,
        proj_short_name: "9061",
        deprecated: false,
    },
    UnitInfo {
        auth_name: "EPSG",
        code: "9062",
        name: "British chain (Benoit 1895 B)",
        category: Linear,
        conv_factor: 20.116782494375872,
        proj_short_name: "9062",
        deprecated: false,
    },
    UnitInfo {
        auth_name: "EPSG",
        code: "9063",
        name: "British link (Benoit 1895 B)",
        category: Linear,
        conv_factor: 0.2011678249437587,
        proj_short_name: "9063",
        deprecated: false,
    },
    UnitInfo {
        auth_name: "EPSG",
        code: "9070",
        name: "British foot (1865)",
        category: Linear,
        conv_factor: 0.30480083333333335,
        proj_short_name: "9070",
        deprecated: false,
    },
    UnitInfo {
        auth_name: "EPSG",
        code: "9080",
        name: "Indian foot",
        category: Linear,
        conv_factor: 0.30479951024814694,
        proj_short_name: "9080",
        deprecated: false,
    },
    UnitInfo {
        auth_name: "EPSG",
        code: "9081",
        name: "Indian foot (1937)",
        category: Linear,
        conv_factor: 0.30479841,
        proj_short_name: "9081",
        deprecated: false,
    },
    UnitInfo {
        auth_name: "EPSG",
        code: "9082",
        name: "Indian foot (1962)",
        category: Linear,
        conv_factor: 0.3047996,
        proj_short_name: "9082",
        deprecated: false,
    },
    UnitInfo {
        auth_name: "EPSG",
        code: "9083",
        name: "Indian foot (1975)",
        category: Linear,
        conv_factor: 0.3047995,
        proj_short_name: "9083",
        deprecated: false,
    },
    UnitInfo {
        auth_name: "EPSG",
        code: "9084",
        name: "Indian yard",
        category: Linear,
        conv_factor: 0.9143985307444408,
        proj_short_name: "9084",
        deprecated: false,
    },
    UnitInfo {
        auth_name: "EPSG",
        code: "9085",
        name: "Indian yard (1937)",
        category: Linear,
        conv_factor: 0.91439523,
        proj_short_name: "9085",
        deprecated: false,
    },
    UnitInfo {
        auth_name: "EPSG",
        code: "9086",
        name: "Indian yard (1962)",
        category: Linear,
        conv_factor: 0.9143988,
        proj_short_name: "9086",
        deprecated: false,
    },
    UnitInfo {
        auth_name: "EPSG",
        code: "9087",
        name: "Indian yard (1975)",
        category: Linear,
        conv_factor: 0.9143985,
        proj_short_name: "9087",
        deprecated: false,
    },
    UnitInfo {
        auth_name: "EPSG",
        code: "9093",
        name: "Statute mile",
        category: Linear,
        conv_factor: 1609.344,
        proj_short_name: "9093",
        deprecated: false,
    },
    UnitInfo {
        auth_name: "EPSG",
        code: "9094",
        name: "Gold Coast foot",
        category: Linear,
        conv_factor: 0.3047997101815088,
        proj_short_name: "9094",
        deprecated: false,
    },
    UnitInfo {
        auth_name: "EPSG",
        code: "9095",
        name: "British foot (1936)",
        category: Linear,
        conv_factor: 0.3048007491,
        proj_short_name: "9095",
        deprecated: false,
    },
    UnitInfo {
        auth_name: "EPSG",
        code: "9096",
        name: "yard",
        category: Linear,
        conv_factor: 0.9144,
        proj_short_name: "9096",
        deprecated: false,
    },
    UnitInfo {
        auth_name: "EPSG",
        code: "9097",
        name: "chain",
        category: Linear,
        conv_factor: 20.1168,
        proj_short_name: "9097",
        deprecated: false,
    },
    UnitInfo {
        auth_name: "EPSG",
        code: "9098",
        name: "link",
        category: Linear,
        conv_factor: 0.201168,
        proj_short_name: "9098",
        deprecated: false,
    },
    UnitInfo {
        auth_name: "EPSG",
        code: "9099",
        name: "British yard (Sears 1922 truncated)",
        category: Linear,
        conv_factor: 0.914398,
        proj_short_name: "9099",
        deprecated: false,
    },
    UnitInfo {
        auth_name: "EPSG",
        code: "9204",
        name: "Bin width 330 US survey feet",
        category: Linear,
        conv_factor: 100.58420116840234,
        proj_short_name: "9204",
        deprecated: true,
    },
    UnitInfo {
        auth_name: "EPSG",
        code: "9205",
        name: "Bin width 165 US survey feet",
        category: Linear,
        conv_factor: 50.29210058420117,
        proj_short_name: "9205",
        deprecated: true,
    },
    UnitInfo {
        auth_name: "EPSG",
        code: "9206",
        name: "Bin width 82.5 US survey feet",
        category: Linear,
        conv_factor: 25.146050292100586,
        proj_short_name: "9206",
        deprecated: true,
    },
    UnitInfo {
        auth_name: "EPSG",
        code: "9207",
        name: "Bin width 37.5 metres",
        category: Linear,
        conv_factor: 37.5,
        proj_short_name: "9207",
        deprecated: true,
    },
    UnitInfo {
        auth_name: "EPSG",
        code: "9208",
        name: "Bin width 25 metres",
        category: Linear,
        conv_factor: 25.0,
        proj_short_name: "9208",
        deprecated: true,
    },
    UnitInfo {
        auth_name: "EPSG",
        code: "9209",
        name: "Bin width 12.5 metres",
        category: Linear,
        conv_factor: 12.5,
        proj_short_name: "9209",
        deprecated: true,
    },
    UnitInfo {
        auth_name: "EPSG",
        code: "9210",
        name: "Bin width 6.25 metres",
        category: Linear,
        conv_factor: 6.25,
        proj_short_name: "9210",
        deprecated: true,
    },
    UnitInfo {
        auth_name: "EPSG",
        code: "9211",
        name: "Bin width 3.125 metres",
        category: Linear,
        conv_factor: 3.125,
        proj_short_name: "9211",
        deprecated: true,
    },
    UnitInfo {
        auth_name: "EPSG",
        code: "9300",
        name: "British foot (Sears 1922 truncated)",
        category: Linear,
        conv_factor: 0.30479933333333337,
        proj_short_name: "9300",
        deprecated: false,
    },
    UnitInfo {
        auth_name: "EPSG",
        code: "9301",
        name: "British chain (Sears 1922 truncated)",
        category: Linear,
        conv_factor: 20.116756,
        proj_short_name: "9301",
        deprecated: false,
    },
    UnitInfo {
        auth_name: "EPSG",
        code: "9302",
        name: "British link (Sears 1922 truncated)",
        category: Linear,
        conv_factor: 0.20116756,
        proj_short_name: "9302",
        deprecated: false,
    },
]
