---
source: crates/pyxis-cli/tests/test_command_chain.rs
expression: "String::from_utf8_lossy(cmd.get_output().stdout.as_slice())"
---
{
  "name": "Jiaxing bump station",
  "record": [
    {
      "idx": 0,
      "method": "input",
      "output_x": 121.091701,
      "output_x_name": "x",
      "output_y": 30.610765,
      "output_y_name": "y",
      "output_z": 0.0,
      "output_z_name": "z",
      "parameter": {}
    },
    {
      "idx": 1,
      "method": "crypto",
      "output_x": 121.09626265072451,
      "output_x_name": "longitude",
      "output_y": 30.608591423234355,
      "output_y_name": "latitude",
      "output_z": 0.0,
      "output_z_name": "elevation",
      "parameter": {
        "from": "WGS84",
        "to": "GCJ02"
      }
    }
  ]
}
