---
source: crates/pyxis-cli/tests/test_output.rs
expression: "String::from_utf8_lossy(cmd.get_output().stdout.as_slice())"
---
=================
Transform Records
=================
x: 4760096.421921, y: 3744293.729449, z: 0
|-- step: 1
|-- method: proj
|-- parameter:
|       {
|         "from": "EPSG:2230",
|         "to": "EPSG:26946"
|       }
▼
x: 1450880.2910605022, y: 1141263.0111604782, z: 0
